<UIButton; frame = (0 0; 25 24); opaque = NO; layer = <CALayer>>
   | <UIImageView; frame = (0 0; 25 24); clipsToBounds = YES; opaque = NO; userInteractionEnabled = NO; layer = <CALayer>>